
G=1400000000                       sum of  ||               length     num
NG         length     index       lengths  ||                range    seqs
----- ------------ --------- ------------  ||  ------------------- -------
00010            -         -            -  ||      19807                 1|---------------------------------------------------------------
00020            -         -            -  ||
00030            -         -            -  ||
00040            -         -            -  ||
00050            -         -            -  ||
00060            -         -            -  ||
00070            -         -            -  ||
00080            -         -            -  ||
00090            -         -            -  ||
00100            -         -            -  ||
000.000x                   1        19807  ||

--------------------- --------------------- ----------------------------------------------------------------------------------------------
       mononucleotide          dinucleotide                                                                                  trinucleotide
--------------------- --------------------- ----------------------------------------------------------------------------------------------
        6756 0.3411 A        2296 0.1159 AA         751 0.0379 AAA          653 0.0330 AAC          247 0.0125 AAG          645 0.0326 AAT
        5804 0.2930 C        1926 0.0972 AC         632 0.0319 ACA          477 0.0241 ACC          347 0.0175 ACG          470 0.0237 ACT
        2476 0.1250 G         883 0.0446 AG         238 0.0120 AGA          329 0.0166 AGC          177 0.0089 AGG          139 0.0070 AGT
        4771 0.2409 T        1651 0.0834 AT         530 0.0268 ATA          563 0.0284 ATC          191 0.0096 ATG          366 0.0185 ATT
                             2040 0.1030 CA         750 0.0379 CAA          539 0.0272 CAC          220 0.0111 CAG          531 0.0268 CAT
      --GC--  --AT--         1661 0.0839 CC         538 0.0272 CCA          466 0.0235 CCC          130 0.0066 CCG          527 0.0266 CCT
      41.80%  58.20%          643 0.0325 CG         210 0.0106 CGA          127 0.0064 CGC           84 0.0042 CGG          222 0.0112 CGT
                             1460 0.0737 CT         596 0.0301 CTA          374 0.0189 CTC          163 0.0082 CTG          327 0.0165 CTT
                              825 0.0417 GA         372 0.0188 GAA          184 0.0093 GAC          129 0.0065 GAG          140 0.0071 GAT
                              717 0.0362 GC         217 0.0110 GCA          299 0.0151 GCC           40 0.0020 GCG          161 0.0081 GCT
                              419 0.0212 GG         168 0.0085 GGA          116 0.0059 GGC           60 0.0030 GGG           75 0.0038 GGT
                              515 0.0260 GT         157 0.0079 GTA           75 0.0038 GTC           59 0.0030 GTG          224 0.0113 GTT
                             1595 0.0805 TA         423 0.0214 TAA          550 0.0278 TAC          287 0.0145 TAG          335 0.0169 TAT
                             1500 0.0757 TC         653 0.0330 TCA          419 0.0212 TCC          126 0.0064 TCG          302 0.0152 TCT
                              530 0.0268 TG         209 0.0106 TGA          145 0.0073 TGC           98 0.0049 TGG           78 0.0039 TGT
                             1145 0.0578 TT         312 0.0158 TTA          488 0.0246 TTC          117 0.0059 TTG          228 0.0115 TTT

