
G=2128226567                       sum of  ||               length     num
NG         length     index       lengths  ||                range    seqs
----- ------------ --------- ------------  ||  ------------------- -------
00010            -         -            -  ||      16861                 1|---------------------------------------------------------------
00020            -         -            -  ||
00030            -         -            -  ||
00040            -         -            -  ||
00050            -         -            -  ||
00060            -         -            -  ||
00070            -         -            -  ||
00080            -         -            -  ||
00090            -         -            -  ||
00100            -         -            -  ||
000.000x                   1        16861  ||

--------------------- --------------------- ----------------------------------------------------------------------------------------------
       mononucleotide          dinucleotide                                                                                  trinucleotide
--------------------- --------------------- ----------------------------------------------------------------------------------------------
        5275 0.3129 A        1698 0.1007 AA         568 0.0337 AAA          413 0.0245 AAC          219 0.0130 AAG          498 0.0295 AAT
        4000 0.2372 C        1163 0.0690 AC         342 0.0203 ACA          308 0.0183 ACC           92 0.0055 ACG          421 0.0250 ACT
        2292 0.1359 G         854 0.0507 AG         199 0.0118 AGA          251 0.0149 AGC          207 0.0123 AGG          197 0.0117 AGT
        5294 0.3140 T        1560 0.0925 AT         431 0.0256 ATA          343 0.0203 ATC          211 0.0125 ATG          575 0.0341 ATT
                             1163 0.0690 CA         377 0.0224 CAA          269 0.0160 CAC          181 0.0107 CAG          336 0.0199 CAT
      --GC--  --AT--         1134 0.0673 CC         301 0.0179 CCA          340 0.0202 CCC           74 0.0044 CCG          419 0.0249 CCT
      37.32%  62.68%          285 0.0169 CG          85 0.0050 CGA           72 0.0043 CGC           64 0.0038 CGG           64 0.0038 CGT
                             1418 0.0841 CT         497 0.0295 CTA          317 0.0188 CTC          161 0.0095 CTG          443 0.0263 CTT
                              746 0.0442 GA         260 0.0154 GAA          145 0.0086 GAC          147 0.0087 GAG          194 0.0115 GAT
                              551 0.0327 GC         146 0.0087 GCA          190 0.0113 GCC           27 0.0016 GCG          188 0.0112 GCT
                              471 0.0279 GG         175 0.0104 GGA           90 0.0053 GGC           79 0.0047 GGG          127 0.0075 GGT
                              524 0.0311 GT         163 0.0097 GTA          126 0.0075 GTC           71 0.0042 GTG          164 0.0097 GTT
                             1668 0.0989 TA         493 0.0292 TAA          336 0.0199 TAC          307 0.0182 TAG          532 0.0316 TAT
                             1152 0.0683 TC         374 0.0222 TCA          296 0.0176 TCC           92 0.0055 TCG          390 0.0231 TCT
                              681 0.0404 TG         287 0.0170 TGA          137 0.0081 TGC          121 0.0072 TGG          136 0.0081 TGT
                             1792 0.1063 TT         577 0.0342 TTA          366 0.0217 TTC          238 0.0141 TTG          610 0.0362 TTT

